// Jest Snapshot v1, https://goo.gl/fbAQLP

exports[`automatic-release process 1`] = `
Array [
  Array [
    "node",
    Array [
      "node_modules/.bin/lerna",
      "updated",
      "--json",
      "--loglevel=silen",
    ],
    Object {
      "cwd": "utils/automatic-release,../../",
    },
  ],
  Array [
    "npm",
    Array [
      "install",
      "ottheme-colors",
    ],
    Object {
      "cwd": "utils/automatic-release,./tempNpm",
      "stdio": "inherit",
    },
  ],
  Array [
    "npm",
    Array [
      "install",
      "otkit-borders",
    ],
    Object {
      "cwd": "utils/automatic-release,./tempNpm",
      "stdio": "inherit",
    },
  ],
  Array [
    "npm",
    Array [
      "install",
      "otkit-breakpoints",
    ],
    Object {
      "cwd": "utils/automatic-release,./tempNpm",
      "stdio": "inherit",
    },
  ],
  Array [
    "npm",
    Array [
      "install",
      "otkit-colors",
    ],
    Object {
      "cwd": "utils/automatic-release,./tempNpm",
      "stdio": "inherit",
    },
  ],
  Array [
    "npm",
    Array [
      "install",
      "otkit-icons",
    ],
    Object {
      "cwd": "utils/automatic-release,./tempNpm",
      "stdio": "inherit",
    },
  ],
  Array [
    "npm",
    Array [
      "run",
      "publish",
      "--",
      "--force-publish=ottheme-colors",
      "--cd-version=patch",
      "--yes",
    ],
    Object {
      "cwd": "utils/automatic-release,../../",
    },
  ],
  Array [
    "npm",
    Array [
      "run",
      "publish",
      "--",
      "--force-publish=otkit-borders",
      "--cd-version=major",
      "--yes",
    ],
    Object {
      "cwd": "utils/automatic-release,../../",
    },
  ],
  Array [
    "npm",
    Array [
      "run",
      "publish",
      "--",
      "--force-publish=otkit-breakpoints",
      "--cd-version=minor",
      "--yes",
    ],
    Object {
      "cwd": "utils/automatic-release,../../",
    },
  ],
]
`;

exports[`automatic-release process 2`] = `
Array [
  "tempNpm,node_modules,ottheme-colors,token.yml",
  "tempNpm,node_modules,otkit-borders,token.yml",
  "tempNpm,node_modules,otkit-breakpoints,token.yml",
  "tempNpm,node_modules,otkit-colors,token.yml",
  "tempNpm,node_modules,otkit-icons,token.yml",
]
`;
